2026-09-04 20:50:33,424 [INFO] mqtt_client: Connecting to MQTT broker localhost:1883 ...
2026-09-04 20:50:35,281 [WARNING] mqtt_client: MQTT disconnected: Unspecified error
2026-09-04 20:56:47,834 [INFO] mqtt_client: MQTT disconnected
2026-09-04 23:52:41,586 [INFO] mqtt_client: Connecting to MQTT broker localhost:1883 ...
2026-09-05 00:18:52,156 [INFO] mqtt_client: Connecting to MQTT broker localhost:1883 ...
2026-09-05 00:20:14,420 [INFO] mqtt_client: Connecting to MQTT broker localhost:1883 ...
2026-09-06 13:56:44,858 [INFO] mqtt_client: Connecting to MQTT broker localhost:1883 ...
2026-09-06 14:05:09,761 [INFO] mqtt_client: Connecting to MQTT broker localhost:1883 ...
2026-09-06 14:08:19,298 [INFO] mqtt_client: Connecting to MQTT broker localhost:1883 ...
2026-09-06 14:08:19,314 [INFO] mqtt_client: MQTT connected successfully
2026-09-06 14:08:19,318 [INFO] mqtt_client: Subscribed: smartlock/a1b2c3d4-e5f6-7890-abcd-ef1234567890/command
2026-09-06 14:15:25,935 [INFO] mqtt_client: Connecting to MQTT broker localhost:1883 ...
2026-09-06 14:15:25,941 [INFO] mqtt_client: MQTT connected successfully
2026-09-06 14:15:25,944 [INFO] mqtt_client: Subscribed: smartlock/a1b2c3d4-e5f6-7890-abcd-ef1234567890/command
2026-09-06 14:20:21,154 [INFO] mqtt_client: Connecting to MQTT broker localhost:1883 ...
2026-09-06 14:20:21,184 [INFO] mqtt_client: MQTT connected successfully
2026-09-06 14:20:21,188 [INFO] mqtt_client: Subscribed: smartlock/a1b2c3d4-e5f6-7890-abcd-ef1234567890/command
2026-09-06 14:22:16,641 [INFO] mqtt_client: Connecting to MQTT broker localhost:1883 ...
2026-09-06 14:22:16,670 [INFO] mqtt_client: MQTT connected successfully
2026-09-06 14:22:16,673 [INFO] mqtt_client: Subscribed: smartlock/a1b2c3d4-e5f6-7890-abcd-ef1234567890/command
2026-09-06 14:24:49,869 [INFO] mqtt_client: Connecting to MQTT broker localhost:1883 ...
2026-09-06 14:24:49,875 [INFO] mqtt_client: MQTT connected successfully
2026-09-06 14:24:49,878 [INFO] mqtt_client: Subscribed: smartlock/a1b2c3d4-e5f6-7890-abcd-ef1234567890/command
